// Jest Snapshot v1, https://goo.gl/fbAQLP

exports[`<BusinessInfo/> should render with empty business object 1`] = `
<div
  style={
    Object {
      "background": "white",
      "border": "1px solid #cccccc",
      "fontSize": "10px",
      "heigth": "300px",
      "padding": "4px",
      "width": "300px",
    }
  }
>
  <Map
    latitude={0}
    longitude={0}
  />
  <div
    style={
      Object {
        "display": "grid",
        "gridTemplateColumns": "32px 1fr",
        "padding": "8px",
      }
    }
  >
    <FaMapMarker
      style={
        Object {
          "color": "darkgray",
          "height": "18px",
          "margin": "4px auto",
          "width": "18px",
        }
      }
    />
    <div>
      <p
        style={
          Object {
            "fontSize": "10pt",
            "fontWeight": "bold",
            "margin": "0",
            "padding": "0",
          }
        }
      >
        undefined
      </p>
      <p
        style={
          Object {
            "fontSize": "10pt",
            "fontWeight": "bold",
            "margin": "0",
            "padding": "0",
          }
        }
      >
        undefined, undefined undefined
      </p>
    </div>
    <FaMapSigns
      style={
        Object {
          "color": "darkgray",
          "height": "18px",
          "margin": "4px auto",
          "width": "18px",
        }
      }
    />
    <p
      style={
        Object {
          "fontSize": "10pt",
          "margin": "auto 0px",
          "padding": "0",
        }
      }
    >
      <a
        style={
          Object {
            "color": "blue",
            "cursor": "pointer",
          }
        }
      >
        Get Directions
      </a>
    </p>
    <FaPhone
      style={
        Object {
          "color": "darkgray",
          "height": "18px",
          "margin": "4px auto",
          "width": "18px",
        }
      }
    />
    <p
      style={
        Object {
          "fontSize": "10pt",
          "margin": "auto 0px",
          "padding": "0",
        }
      }
    >
      (545) 523-7964
    </p>
     
    <FaExternalLink
      style={
        Object {
          "color": "darkgray",
          "height": "18px",
          "margin": "4px auto",
          "width": "18px",
        }
      }
    />
    <p
      style={
        Object {
          "fontSize": "10pt",
          "margin": "auto 0px",
          "padding": "0",
        }
      }
    >
      <a
        style={
          Object {
            "color": "blue",
            "cursor": "pointer",
          }
        }
      >
        undefined.com
      </a>
    </p>
    <FaMobile
      style={
        Object {
          "color": "darkgray",
          "height": "18px",
          "margin": "4px auto",
          "width": "18px",
        }
      }
    />
    <p
      style={
        Object {
          "fontSize": "10pt",
          "margin": "auto 0px",
          "padding": "0",
        }
      }
    >
      <a
        style={
          Object {
            "color": "blue",
            "cursor": "pointer",
          }
        }
      >
        Send to your phone
      </a>
    </p>
  </div>
</div>
`;
